// Jest Snapshot v1, https://goo.gl/fbAQLP

exports[`Render Link container 1`] = `
<div
  class="link"
>
  <div
    class="provider"
  >
    <div
      class="select"
      role="none"
    >
      <button
        class="displayValue flat"
        type="button"
      >
        <div
          aria-label="page"
          class="croppedText"
          title="page"
        >
          <div
            aria-hidden="true"
            class="front"
          >
            pa
          </div>
          <div
            aria-hidden="true"
            class="back"
          >
            <span>
              ge
            </span>
          </div>
          <div
            class="whole"
          >
            page
          </div>
        </div>
        <span
          aria-label="su-angle-down"
          class="su-angle-down toggle"
        />
      </button>
    </div>
  </div>
  <div
    class="itemContainer"
  >
    <div
      class="item clickable"
      role="button"
    >
      TestLink
    </div>
    <button
      class="removeButton"
      type="button"
    >
      <span
        aria-label="su-trash-alt"
        class="su-trash-alt"
      />
    </button>
  </div>
</div>
`;
